PatternErrorRecovery.java:17:27: compiler.err.illegal.start.of.type
PatternErrorRecovery.java:11:18: compiler.err.pattern.expected
PatternErrorRecovery.java:17:18: compiler.err.cant.apply.deconstruction.pattern: PatternErrorRecovery.R
3 errors