T8295447.java:33:29: compiler.err.cant.apply.deconstruction.pattern: T8295447.Foo
T8295447.java:37:29: compiler.err.cant.apply.deconstruction.pattern: T8295447.Foo
T8295447.java:44:44: compiler.err.cant.apply.deconstruction.pattern: java.awt.Point
3 errors